
Kavindu@DESKTOP-POLO85P MINGW64 /c/Users/Kavindu/Desktop
$ git --version
git version 2.38.1.windows.1

Kavindu@DESKTOP-POLO85P MINGW64 /c/Users/Kavindu/Desktop
$ git help
usage: git [-v | --version] [-h | --help] [-C <path>] [-c <name>=<value>]
           [--exec-path[=<path>]] [--html-path] [--man-path] [--info-path]
           [-p | --paginate | -P | --no-pager] [--no-replace-objects] [--bare]
           [--git-dir=<path>] [--work-tree=<path>] [--namespace=<name>]
           [--super-prefix=<path>] [--config-env=<name>=<envvar>]
           <command> [<args>]

These are common Git commands used in various situations:

start a working area (see also: git help tutorial)
   clone     Clone a repository into a new directory
   init      Create an empty Git repository or reinitialize an existing one

work on the current change (see also: git help everyday)
   add       Add file contents to the index
   mv        Move or rename a file, a directory, or a symlink
   restore   Restore working tree files
   rm        Remove files from the working tree and from the index

examine the history and state (see also: git help revisions)
   bisect    Use binary search to find the commit that introduced a bug
   diff      Show changes between commits, commit and working tree, etc
   grep      Print lines matching a pattern
   log       Show commit logs
   show      Show various types of objects
   status    Show the working tree status

grow, mark and tweak your common history
   branch    List, create, or delete branches
   commit    Record changes to the repository
   merge     Join two or more development histories together
   rebase    Reapply commits on top of another base tip
   reset     Reset current HEAD to the specified state
   switch    Switch branches
   tag       Create, list, delete or verify a tag object signed with GPG

collaborate (see also: git help workflows)
   fetch     Download objects and refs from another repository
   pull      Fetch from and integrate with another repository or a local branch
   push      Update remote refs along with associated objects

'git help -a' and 'git help -g' list available subcommands and some
concept guides. See 'git help <command>' or 'git help <concept>'
to read about a specific subcommand or concept.
See 'git help git' for an overview of the system.


Kavindu@DESKTOP-POLO85P MINGW64 /c/Users/Kavindu/Desktop
$ git config --global user.name "KavinduSalinda"

Kavindu@DESKTOP-POLO85P MINGW64 /c/Users/Kavindu/Desktop
$ git config --global user.email kavindus26@gmail.com

Kavindu@DESKTOP-POLO85P MINGW64 /c/Users/Kavindu/Desktop
$ git config --list
diff.astextplain.textconv=astextplain
filter.lfs.clean=git-lfs clean -- %f
filter.lfs.smudge=git-lfs smudge -- %f
filter.lfs.process=git-lfs filter-process
filter.lfs.required=true
http.sslbackend=openssl
http.sslcainfo=C:/Program Files/Git/mingw64/ssl/certs/ca-bundle.crt
core.autocrlf=true
core.fscache=true
core.symlinks=false
pull.rebase=false
credential.helper=manager-core
credential.https://dev.azure.com.usehttppath=true
init.defaultbranch=master
user.name=KavinduSalinda
user.email=kavindus26@gmail.com

Kavindu@DESKTOP-POLO85P MINGW64 /c/Users/Kavindu/Desktop
$ pwd
/c/Users/Kavindu/Desktop
-----------------------------------------------------------
>>>> deleting the folder
	$ re -RF Folder_Name
---------------------------------------------------------- 

Kavindu@DESKTOP-POLO85P MINGW64 /c/Users/Kavindu/Desktop
$ mkdir Git_demo

Kavindu@DESKTOP-POLO85P MINGW64 /c/Users/Kavindu/Desktop
$ cd Git_demo

>>>>>>>>>>>> Making a folder<<<<<<<<<<<<<<<<<<<<<<<<<<<<<
Kavindu@DESKTOP-POLO85P MINGW64 /c/Users/Kavindu/Desktop/Git_demo
$ mkdir FirstRepo

>>>>>>>>>>>> Making a Repository on computer<<<<<<<<<<<<<<<<<<<<<<<<<<<<<
Kavindu@DESKTOP-POLO85P MINGW64 /c/Users/Kavindu/Desktop/Git_demo
$ git init
Initialized empty Git repository in C:/Users/Kavindu/Desktop/Git_demo/.git/

Kavindu@DESKTOP-POLO85P MINGW64 /c/Users/Kavindu/Desktop/Git_demo (master)
$ cd FirstRepo

Kavindu@DESKTOP-POLO85P MINGW64 /c/Users/Kavindu/Desktop/Git_demo/FirstRepo (master)
$ git init
Initialized empty Git repository in C:/Users/Kavindu/Desktop/Git_demo/FirstRepo/.git/

>>>>>>>>>>>>>>>>>creating a file<<<<<<<<<<<<<<<<<<<<<<<<<
Kavindu@DESKTOP-POLO85P MINGW64 /c/Users/Kavindu/Desktop/Git_demo/FirstRepo (master)
$ touch master.txt

Kavindu@DESKTOP-POLO85P MINGW64 /c/Users/Kavindu/Desktop/Git_demo/FirstRepo (master)
$ notepad master.txt

Kavindu@DESKTOP-POLO85P MINGW64 /c/Users/Kavindu/Desktop/Git_demo/FirstRepo (master)
$ git status
On branch master

No commits yet

Untracked files:
  (use "git add <file>..." to include in what will be committed)
        master.txt

nothing added to commit but untracked files present (use "git add" to track)


Kavindu@DESKTOP-POLO85P MINGW64 /c/Users/Kavindu/Desktop/Git_demo/FirstRepo (master)
$ git add .

Kavindu@DESKTOP-POLO85P MINGW64 /c/Users/Kavindu/Desktop/Git_demo/FirstRepo (master)
$ git status
On branch master

No commits yet

Changes to be committed:
  (use "git rm --cached <file>..." to unstage)
        new file:   master.txt

>>>>>>>>>>>>>>>commit the file<<<<<<<<<<<<<<<<<<<<<<<<<<<<<<<<<<<<<<<<<<<<<<<<<<<<<<<<<
Kavindu@DESKTOP-POLO85P MINGW64 /c/Users/Kavindu/Desktop/Git_demo/FirstRepo (master)
$ git commit -m "This is my 1st commit"
[master (root-commit) f0aeff6] This is my 1st commit
 1 file changed, 1 insertion(+)
 create mode 100644 master.txt

Kavindu@DESKTOP-POLO85P MINGW64 /c/Users/Kavindu/Desktop/Git_demo/FirstRepo (master)
$ git status
On branch master
nothing to commit, working tree clean


Kavindu@DESKTOP-POLO85P MINGW64 /c/Users/Kavindu/Desktop/Git_demo/FirstRepo (master)
$ git log
commit f0aeff613d9fd78b8fe14736822712e972c4d79f (HEAD -> master)
Author: KavinduSalinda <kavindus26@gmail.com>
Date:   Tue May 16 00:25:09 2023 +0530

    This is my 1st commit


>>>>>>>add origin of the git repository<<<<<<<<<<<<<<<<<<<<<<<<<
Kavindu@DESKTOP-POLO85P MINGW64 /c/Users/Kavindu/Desktop/Git_demo/FirstRepo (master)
$ git remote add origin https://github.com/KavinduSalinda/FirstRepo.git

Kavindu@DESKTOP-POLO85P MINGW64 /c/Users/Kavindu/Desktop/Git_demo/FirstRepo (master)
$ git remote add -v
error: unknown switch `v'
usage: git remote add [<options>] <name> <url>

    -f, --fetch           fetch the remote branches
    --tags                import all tags and associated objects when fetching
                          or do not fetch any tag at all (--no-tags)
    -t, --track <branch>  branch(es) to track
    -m, --master <branch>
                          master branch
    --mirror[=(push|fetch)]
                          set up remote as a mirror to push to or fetch from

>>>>>>>>>>>>>>>>>>>>>Check weater it adds correctly or not<<<<<<<<<<<<<<<<<<<<<<<<<<<<<<<
Kavindu@DESKTOP-POLO85P MINGW64 /c/Users/Kavindu/Desktop/Git_demo/FirstRepo (master)
$ git remote -v
origin  https://github.com/KavinduSalinda/FirstRepo.git (fetch)
origin  https://github.com/KavinduSalinda/FirstRepo.git (push)

Kavindu@DESKTOP-POLO85P MINGW64 /c/Users/Kavindu/Desktop/Git_demo/FirstRepo (master)
$ git push -u origin master
Enumerating objects: 3, done.
Counting objects: 100% (3/3), done.
Writing objects: 100% (3/3), 231 bytes | 12.00 KiB/s, done.
Total 3 (delta 0), reused 0 (delta 0), pack-reused 0
To https://github.com/KavinduSalinda/FirstRepo.git
 * [new branch]      master -> master
branch 'master' set up to track 'origin/master'.

Kavindu@DESKTOP-POLO85P MINGW64 /c/Users/Kavindu/Desktop/Git_demo/FirstRepo (master)
$ ^C

Kavindu@DESKTOP-POLO85P MINGW64 /c/Users/Kavindu/Desktop/Git_demo/FirstRepo (master)
$ ^C


Kavindu@DESKTOP-POLO85P MINGW64 /c/Users/Kavindu/Desktop/Git_demo/FirstRepo (master)
$
